"3f1256","fbd300"
"aa4234","f12c40"
"ffa500","f0a3dd"
