"1","3f1256","Child 1"
"2","aa4234","Child 2"
"3","","Child with NULL FK"
"4","ffa500","Child 4" 